[2026-06-15 09:21:35,867: INFO/MainProcess] Task search_and_download[915048c0-3da3-4bb0-bee5-45ab193166d6] received
[2026-06-15 09:21:35,881: INFO/ForkPoolWorker-8] Task search_and_download[fd80a38b-a364-4c3b-ae3c-cbfb47e151a8] succeeded in 2.263881540973671s: None
[2026-06-15 09:21:35,883: INFO/MainProcess] Task search_and_download[ce72bf8f-3634-4217-a375-3b8ebb1c1c8d] received
[2026-06-15 09:21:36,460: INFO/ForkPoolWorker-10] Task search_and_download[d04729a0-816f-4f7f-85e8-5bf180603cd0] succeeded in 2.3799353329231963s: None
[2026-06-15 09:21:36,461: INFO/MainProcess] Task search_and_download[c9bb6758-788a-4a91-b284-83e47cd463e6] received
[2026-06-15 09:21:36,476: INFO/ForkPoolWorker-4] Task search_and_download[41eaedd0-ef12-4fc2-be11-018b4525535b] succeeded in 2.366044500027783s: None
[2026-06-15 09:21:36,478: INFO/MainProcess] Task search_and_download[f32e0739-0142-4053-8341-e5481e15cd4f] received
[2026-06-15 09:21:36,486: INFO/ForkPoolWorker-3] Task search_and_download[5467f034-333a-446e-b256-b483d7e38814] succeeded in 2.365201083011925s: None
[2026-06-15 09:21:36,489: INFO/MainProcess] Task search_and_download[52070dd6-a01d-4b4a-bb19-f7a05e5b0b70] received
[2026-06-15 09:21:36,489: INFO/ForkPoolWorker-5] Task search_and_download[f25d095a-1927-465b-a77f-cdc838dcae80] succeeded in 2.371026249951683s: None
[2026-06-15 09:21:36,491: INFO/MainProcess] Task search_and_download[1898491f-8eb8-48df-b2c4-72bd4710f8c0] received
[2026-06-15 09:21:36,493: INFO/ForkPoolWorker-6] Task search_and_download[dc4cddc7-1fb5-4961-a4f8-84e6ef6a8992] succeeded in 2.380435667000711s: None
[2026-06-15 09:21:36,499: INFO/MainProcess] Task search_and_download[c46c8e0c-d027-4770-9fcb-9f3066dde05b] received
[2026-06-15 09:21:37,516: INFO/ForkPoolWorker-2] Task search_and_download[a5196af9-c4a0-43a7-9034-0ad77577e3fc] succeeded in 2.655699457973242s: None
[2026-06-15 09:21:37,524: INFO/MainProcess] Task search_and_download[f669a79f-5b8b-4b24-98c6-0d9ec7757e5a] received
[2026-06-15 09:21:37,549: INFO/ForkPoolWorker-7] Task search_and_download[ddc8cb06-874a-4650-843e-cad3bec9c4b6] succeeded in 2.681008249986917s: None
[2026-06-15 09:21:37,551: INFO/MainProcess] Task search_and_download[125e903b-e183-483c-8bfa-9225877f6183] received
[2026-06-15 09:21:37,572: INFO/ForkPoolWorker-1] Task search_and_download[feae1a59-a15d-4710-9ab5-cda93e8f832e] succeeded in 2.213926333002746s: None
[2026-06-15 09:21:37,574: INFO/MainProcess] Task search_and_download[5d5fd5b8-70ea-42bc-85c4-48853f212be4] received
[2026-06-15 09:21:38,527: INFO/ForkPoolWorker-8] Task search_and_download[277e99d7-c6c4-4bef-b585-23ce9c2a26af] succeeded in 2.645360333030112s: None
[2026-06-15 09:21:38,529: INFO/MainProcess] Task search_and_download[ce30b509-4277-4297-8f29-90a798e0103e] received
[2026-06-15 09:21:38,530: INFO/ForkPoolWorker-9] Task search_and_download[8d9c3b0f-9ab2-4e55-8d58-6e5b42ceea0a] succeeded in 2.6661445000208914s: None
[2026-06-15 09:21:38,542: INFO/MainProcess] Task search_and_download[c982b26f-c215-40cd-bdf4-39610b17ee10] received
[2026-06-15 09:21:38,658: INFO/ForkPoolWorker-3] Task search_and_download[d9632d14-ff8c-4d1e-b6c6-c96fa81cadad] succeeded in 2.171344207949005s: None
[2026-06-15 09:21:38,660: INFO/MainProcess] Task search_and_download[8966ba78-13e9-4635-b3c5-55326de0a55a] received
[2026-06-15 09:21:38,662: INFO/ForkPoolWorker-10] Task search_and_download[35009c6b-4bbf-4810-b5d0-2732289eb052] succeeded in 2.2018275409936905s: None
[2026-06-15 09:21:38,665: INFO/MainProcess] Task search_and_download[7782cd4b-10e7-4566-8a1b-f9a3a8ba17b5] received
[2026-06-15 09:21:38,668: INFO/ForkPoolWorker-5] Task search_and_download[84dc76a2-c82b-4e09-8d67-931ba2579022] succeeded in 2.177834332920611s: None
[2026-06-15 09:21:38,669: INFO/MainProcess] Task search_and_download[c430e708-6f19-4ca7-a342-dfb85a7d4d4a] received
[2026-06-15 09:21:38,678: INFO/ForkPoolWorker-4] Task search_and_download[97c959ba-f912-443e-93c5-be8ff6dd0756] succeeded in 2.201198208029382s: None
[2026-06-15 09:21:38,680: INFO/MainProcess] Task search_and_download[eafb8819-62fe-4b00-8311-a46347a85fd4] received
[2026-06-15 09:21:38,682: INFO/ForkPoolWorker-6] Task search_and_download[ec77b817-6f53-4aee-961c-03588c38b94b] succeeded in 2.187879042001441s: None
[2026-06-15 09:21:38,683: INFO/MainProcess] Task search_and_download[addd4923-a88c-4df2-98a8-638fe5130a9b] received
[2026-06-15 09:21:40,018: INFO/ForkPoolWorker-7] Task search_and_download[474bbb1b-4730-47da-a4e0-ad910b170000] succeeded in 2.4680355000309646s: None
[2026-06-15 09:21:40,020: INFO/MainProcess] Task search_and_download[b20b0419-681f-4e61-b498-71d21a04a151] received
[2026-06-15 09:21:40,022: INFO/ForkPoolWorker-2] Task search_and_download[566e470c-892d-48dc-a1df-510d73d480e7] succeeded in 2.503690292011015s: None
[2026-06-15 09:21:40,024: INFO/MainProcess] Task search_and_download[95897617-bcdc-463c-9962-fa980f6c65f5] received
[2026-06-15 09:21:40,025: INFO/ForkPoolWorker-1] Task search_and_download[9f9361eb-729e-4725-8466-a43cd785c6a7] succeeded in 2.4521486250450835s: None
[2026-06-15 09:21:40,027: INFO/MainProcess] Task search_and_download[f13bebd7-9548-4331-97e7-dd21c3d27509] received
[2026-06-15 09:21:40,749: INFO/ForkPoolWorker-9] Task search_and_download[cd6a9ede-4459-4bd9-bbf1-8372dafae122] succeeded in 2.2184536249842495s: None
[2026-06-15 09:21:40,752: INFO/MainProcess] Task search_and_download[10a14be7-25af-4e81-84d2-992295b4dda4] received
[2026-06-15 09:21:40,759: INFO/ForkPoolWorker-8] Task search_and_download[9c40e7a7-fd92-4a51-8e48-521fb6bd6c0c] succeeded in 2.2317929590353742s: None
[2026-06-15 09:21:40,761: INFO/MainProcess] Task search_and_download[c5959cf8-8227-4728-9b15-b9fbac219b0e] received
[2026-06-15 09:21:41,252: INFO/ForkPoolWorker-5] Task search_and_download[46732f2c-2d00-4232-ab02-9f31892bc931] succeeded in 2.5836092500248924s: None
[2026-06-15 09:21:41,254: INFO/MainProcess] Task search_and_download[6b69c289-e694-4ffb-8316-6073a391364a] received
[2026-06-15 09:21:41,256: INFO/ForkPoolWorker-10] Task search_and_download[47c84607-9004-44b1-9469-469c1d8a3d87] succeeded in 2.5935101250652224s: None
[2026-06-15 09:21:41,258: INFO/MainProcess] Task search_and_download[290b118d-a0fe-4869-9d26-f8e31a666abd] received
[2026-06-15 09:21:41,272: INFO/ForkPoolWorker-4] Task search_and_download[7a5f9fbf-b418-43a5-a824-4c3c4f02203a] succeeded in 2.5940941659500822s: None
[2026-06-15 09:21:41,274: INFO/ForkPoolWorker-3] Task search_and_download[7beaca1a-a69a-48a6-9888-2cd5596ad1cd] succeeded in 2.6150220830459148s: None
[2026-06-15 09:21:41,274: INFO/MainProcess] Task search_and_download[635bc793-3a70-4cbb-a432-0817ce8aefa8] received
[2026-06-15 09:21:41,276: INFO/MainProcess] Task search_and_download[ab02d8ae-abad-4abe-a69a-de2d39d5773f] received
[2026-06-15 09:21:41,280: INFO/ForkPoolWorker-6] Task search_and_download[5b2ef490-1959-4062-9538-c0f9085a66df] succeeded in 2.5979869581060484s: None
[2026-06-15 09:21:41,286: INFO/MainProcess] Task search_and_download[69ef514b-ab0a-4409-b6f8-9f1729847234] received
[2026-06-15 09:21:42,217: INFO/ForkPoolWorker-7] Task search_and_download[4f197bd2-330b-4e8e-b5fd-2976b6fd25f0] succeeded in 2.198241207981482s: None
[2026-06-15 09:21:42,219: INFO/MainProcess] Task search_and_download[52949584-3f91-4bf7-8fc1-14c367c91bc4] received
[2026-06-15 09:21:42,243: INFO/ForkPoolWorker-1] Task search_and_download[722f8461-eecc-41d3-a7df-5880018faeaf] succeeded in 2.2172019170830026s: None
[2026-06-15 09:21:42,246: INFO/MainProcess] Task search_and_download[0808186d-3ad4-45f0-b09d-c47904de694b] received
[2026-06-15 09:21:42,249: INFO/ForkPoolWorker-2] Task search_and_download[6fe055d5-6cdb-4630-a8ab-921cac9973d6] succeeded in 2.2268206250155345s: None
[2026-06-15 09:21:42,252: INFO/MainProcess] Task search_and_download[94b76ae6-50f5-4124-a9e6-4b3012dbc515] received
[2026-06-15 09:21:43,030: INFO/ForkPoolWorker-8] Task search_and_download[1976c6f8-c5c4-4ac0-8755-f59bd0a5e2d1] succeeded in 2.2697604580316693s: None
[2026-06-15 09:21:43,033: INFO/MainProcess] Task search_and_download[0a81c940-608f-47e7-b1e7-ca0d5eb4f09b] received
[2026-06-15 09:21:43,034: INFO/ForkPoolWorker-9] Task search_and_download[b096faf2-9d4b-4a96-bf2d-ad44256813af] succeeded in 2.2834353749640286s: None
[2026-06-15 09:21:43,039: INFO/MainProcess] Task check_movie_releases[bdda4b2a-f27a-4587-adfe-02982cfc3962] received
[2026-06-15 09:21:43,469: INFO/ForkPoolWorker-10] Task search_and_download[0aec3437-9122-4f79-b7d0-0fc06224b284] succeeded in 2.211489916080609s: None
[2026-06-15 09:21:43,472: INFO/ForkPoolWorker-5] Task search_and_download[2e986809-a192-4511-a658-5955ba913335] succeeded in 2.2195489580044523s: None
[2026-06-15 09:21:43,977: INFO/ForkPoolWorker-4] Task search_and_download[344aada5-2aaa-4608-9252-34ffabf2b92e] succeeded in 2.703530583065003s: None
[2026-06-15 09:21:43,989: INFO/ForkPoolWorker-3] Task search_and_download[e296cd29-f9dd-42d0-a141-b39991df912a] succeeded in 2.7139729999471456s: None
[2026-06-15 09:21:43,995: INFO/ForkPoolWorker-6] Task search_and_download[bef2c47b-f9b5-4500-8a21-124897791f2d] succeeded in 2.7136179170338437s: None
[2026-06-15 09:21:44,548: INFO/ForkPoolWorker-1] Task search_and_download[7b340c1b-87d9-41ea-b33c-cb3be494a9e4] succeeded in 2.3039352080086246s: None
[2026-06-15 09:21:44,554: INFO/ForkPoolWorker-7] Task search_and_download[263af084-4c77-4b14-82a4-1b6aa73fc822] succeeded in 2.3367428749334067s: None
[2026-06-15 09:21:44,569: INFO/ForkPoolWorker-2] Task search_and_download[10df70f4-8d32-45c8-b93c-299d0265d92c] succeeded in 2.319169917027466s: None
[2026-06-15 09:21:45,157: INFO/ForkPoolWorker-9] Task search_and_download[2c2ca765-b877-4055-94f6-ba7b800986fa] succeeded in 2.121905833017081s: None
[2026-06-15 09:21:45,163: INFO/ForkPoolWorker-8] Task search_and_download[f6b70e57-8a49-43b3-b87d-0caab840fe75] succeeded in 2.1317485000472516s: None
[2026-06-15 09:21:45,678: INFO/ForkPoolWorker-5] Task search_and_download[0a7447ac-0c45-4628-9d4a-1b561324410e] succeeded in 2.2047493749996647s: None
[2026-06-15 09:21:45,686: INFO/ForkPoolWorker-10] Task search_and_download[3952fe4c-c9c3-4562-bed8-fecd0daa91ea] succeeded in 2.2162346669938415s: None
[2026-06-15 09:21:46,135: INFO/ForkPoolWorker-4] Task search_and_download[551297e6-fe15-4dd8-aa6d-72da118909eb] succeeded in 2.158193957991898s: None
[2026-06-15 09:21:46,138: INFO/ForkPoolWorker-3] Task search_and_download[581afca6-06d9-4f9a-b8e5-1b1732f949a1] succeeded in 2.1482323330128565s: None
[2026-06-15 09:21:46,169: INFO/ForkPoolWorker-6] Task search_and_download[85d3f0ac-c5c3-445c-a1c8-65d962b4dec1] succeeded in 2.1720831668935716s: None
[2026-06-15 09:21:46,890: INFO/ForkPoolWorker-1] Task search_and_download[699dfeb4-5fad-4596-9277-03cabb050ed8] succeeded in 2.341439999989234s: None
[2026-06-15 09:21:46,891: INFO/ForkPoolWorker-7] Task search_and_download[c1960457-1af1-44dd-a75b-434a233340a6] succeeded in 2.336160457925871s: None
[2026-06-15 09:21:46,899: INFO/ForkPoolWorker-2] Task search_and_download[f3ac95f4-3f76-4aa1-8771-99f382df0c48] succeeded in 2.329009708017111s: None
[2026-06-15 09:21:46,998: INFO/MainProcess] Task sync_download_progress[5390de8d-f5ea-4b7b-af09-4941dec5d356] received
[2026-06-15 09:21:47,424: INFO/ForkPoolWorker-8] Task search_and_download[ce72bf8f-3634-4217-a375-3b8ebb1c1c8d] succeeded in 2.259769915952347s: None
[2026-06-15 09:21:47,429: INFO/ForkPoolWorker-9] Task search_and_download[915048c0-3da3-4bb0-bee5-45ab193166d6] succeeded in 2.2719208750640973s: None
[2026-06-15 09:21:47,930: INFO/ForkPoolWorker-5] Task search_and_download[c9bb6758-788a-4a91-b284-83e47cd463e6] succeeded in 2.251052042003721s: None
[2026-06-15 09:21:47,932: INFO/ForkPoolWorker-10] Task search_and_download[f32e0739-0142-4053-8341-e5481e15cd4f] succeeded in 2.2449973749462515s: None
[2026-06-15 09:21:48,543: INFO/ForkPoolWorker-4] Task search_and_download[52070dd6-a01d-4b4a-bb19-f7a05e5b0b70] succeeded in 2.4064922919496894s: None
[2026-06-15 09:21:48,547: INFO/ForkPoolWorker-6] Task search_and_download[c46c8e0c-d027-4770-9fcb-9f3066dde05b] succeeded in 2.3774124999763444s: None
[2026-06-15 09:21:48,550: INFO/ForkPoolWorker-3] Task search_and_download[1898491f-8eb8-48df-b2c4-72bd4710f8c0] succeeded in 2.4109347090125084s: None
[2026-06-15 09:21:49,236: INFO/ForkPoolWorker-1] Task search_and_download[f669a79f-5b8b-4b24-98c6-0d9ec7757e5a] succeeded in 2.3451802079798654s: None
[2026-06-15 09:21:49,239: INFO/ForkPoolWorker-7] Task search_and_download[125e903b-e183-483c-8bfa-9225877f6183] succeeded in 2.3466385420178995s: None
[2026-06-15 09:21:49,242: INFO/ForkPoolWorker-2] Task search_and_download[5d5fd5b8-70ea-42bc-85c4-48853f212be4] succeeded in 2.341443458921276s: None
[2026-06-15 09:21:49,990: INFO/ForkPoolWorker-8] Task search_and_download[ce30b509-4277-4297-8f29-90a798e0103e] succeeded in 2.5662191670853645s: None
[2026-06-15 09:21:49,992: INFO/ForkPoolWorker-9] Task search_and_download[c982b26f-c215-40cd-bdf4-39610b17ee10] succeeded in 2.5623416249873117s: None
[2026-06-15 09:21:50,401: INFO/ForkPoolWorker-5] Task search_and_download[8966ba78-13e9-4635-b3c5-55326de0a55a] succeeded in 2.470269290963188s: None
[2026-06-15 09:21:50,407: INFO/ForkPoolWorker-10] Task search_and_download[7782cd4b-10e7-4566-8a1b-f9a3a8ba17b5] succeeded in 2.4735996669624s: None
[2026-06-15 09:21:50,980: INFO/ForkPoolWorker-4] Task search_and_download[c430e708-6f19-4ca7-a342-dfb85a7d4d4a] succeeded in 2.4360896670259535s: None
[2026-06-15 09:21:50,986: INFO/ForkPoolWorker-6] Task search_and_download[eafb8819-62fe-4b00-8311-a46347a85fd4] succeeded in 2.438761290977709s: None
[2026-06-15 09:21:50,992: INFO/ForkPoolWorker-3] Task search_and_download[addd4923-a88c-4df2-98a8-638fe5130a9b] succeeded in 2.441130540915765s: None
[2026-06-15 09:21:51,467: INFO/ForkPoolWorker-7] Task search_and_download[95897617-bcdc-463c-9962-fa980f6c65f5] succeeded in 2.227800084045157s: None
[2026-06-15 09:21:51,533: INFO/ForkPoolWorker-2] Task search_and_download[f13bebd7-9548-4331-97e7-dd21c3d27509] succeeded in 2.2897882499964908s: None
[2026-06-15 09:21:51,596: INFO/ForkPoolWorker-1] Task search_and_download[b20b0419-681f-4e61-b498-71d21a04a151] succeeded in 2.3596997500862926s: None
[2026-06-15 09:21:52,441: INFO/ForkPoolWorker-8] Task search_and_download[10a14be7-25af-4e81-84d2-992295b4dda4] succeeded in 2.449812958948314s: None
[2026-06-15 09:21:52,483: INFO/ForkPoolWorker-9] Task search_and_download[c5959cf8-8227-4728-9b15-b9fbac219b0e] succeeded in 2.4900584999704733s: None
[2026-06-15 09:21:52,489: INFO/ForkPoolWorker-9] Task check_movie_releases[bdda4b2a-f27a-4587-adfe-02982cfc3962] succeeded in 0.004570540972054005s: None
[2026-06-15 09:21:52,560: INFO/ForkPoolWorker-10] Task search_and_download[290b118d-a0fe-4869-9d26-f8e31a666abd] succeeded in 2.152609832934104s: None
[2026-06-15 09:21:52,570: INFO/ForkPoolWorker-5] Task search_and_download[6b69c289-e694-4ffb-8316-6073a391364a] succeeded in 2.1679918749723583s: None
[2026-06-15 09:21:52,923: INFO/ForkPoolWorker-9] Task sync_download_progress[5390de8d-f5ea-4b7b-af09-4941dec5d356] succeeded in 0.4338377919048071s: None
[2026-06-15 09:21:53,055: INFO/ForkPoolWorker-4] Task search_and_download[635bc793-3a70-4cbb-a432-0817ce8aefa8] succeeded in 2.073302417062223s: None
[2026-06-15 09:21:53,102: INFO/ForkPoolWorker-3] Task search_and_download[69ef514b-ab0a-4409-b6f8-9f1729847234] succeeded in 2.1085323749575764s: None
[2026-06-15 09:21:53,107: INFO/ForkPoolWorker-6] Task search_and_download[ab02d8ae-abad-4abe-a69a-de2d39d5773f] succeeded in 2.119813665980473s: None
[2026-06-15 09:21:53,699: INFO/ForkPoolWorker-7] Task search_and_download[52949584-3f91-4bf7-8fc1-14c367c91bc4] succeeded in 2.2298369579948485s: None
[2026-06-15 09:21:53,727: INFO/ForkPoolWorker-1] Task search_and_download[94b76ae6-50f5-4124-a9e6-4b3012dbc515] succeeded in 2.1293005420593545s: None
[2026-06-15 09:21:53,730: INFO/ForkPoolWorker-2] Task search_and_download[0808186d-3ad4-45f0-b09d-c47904de694b] succeeded in 2.193460165988654s: None
[2026-06-15 09:21:54,557: INFO/ForkPoolWorker-8] Task search_and_download[0a81c940-608f-47e7-b1e7-ca0d5eb4f09b] succeeded in 2.1152147089596838s: None
[2026-06-15 09:24:28,323: INFO/MainProcess] Task queue_new_episodes[ef18b31b-b287-49ff-ab11-a77df0263ba0] received
[2026-06-15 09:24:28,366: INFO/MainProcess] Task search_and_download[c801df8b-91eb-404d-b553-52125aca857e] received
[2026-06-15 09:24:28,369: INFO/MainProcess] Task search_and_download[49c80e5a-da87-463c-b593-1a829e5b9f77] received
[2026-06-15 09:24:28,374: INFO/MainProcess] Task search_and_download[5c13db7d-f845-44da-8967-c90a90af839b] received
[2026-06-15 09:24:28,377: INFO/MainProcess] Task search_and_download[396e9bc0-6df0-4a74-9844-40479d4269a2] received
[2026-06-15 09:24:28,380: INFO/MainProcess] Task search_and_download[e55313ee-6a22-4965-8808-7c9504de933e] received
[2026-06-15 09:24:28,384: INFO/MainProcess] Task search_and_download[44802525-1d4d-4877-a8d5-27cf5407df36] received
[2026-06-15 09:24:28,390: INFO/MainProcess] Task search_and_download[6d776669-610b-40f8-8d09-666e052e3015] received
[2026-06-15 09:24:28,391: INFO/ForkPoolWorker-8] Task queue_new_episodes[ef18b31b-b287-49ff-ab11-a77df0263ba0] succeeded in 0.06520458403974771s: None
[2026-06-15 09:24:30,475: INFO/ForkPoolWorker-1] Task search_and_download[c801df8b-91eb-404d-b553-52125aca857e] succeeded in 2.1072794999927282s: None
[2026-06-15 09:24:30,482: INFO/ForkPoolWorker-9] Task search_and_download[49c80e5a-da87-463c-b593-1a829e5b9f77] succeeded in 2.1115862500155345s: None
[2026-06-15 09:24:30,487: INFO/ForkPoolWorker-2] Task search_and_download[5c13db7d-f845-44da-8967-c90a90af839b] succeeded in 2.1118483339669183s: None
[2026-06-15 09:24:30,489: INFO/ForkPoolWorker-10] Task search_and_download[396e9bc0-6df0-4a74-9844-40479d4269a2] succeeded in 2.110484999953769s: None
[2026-06-15 09:24:30,494: INFO/ForkPoolWorker-5] Task search_and_download[6d776669-610b-40f8-8d09-666e052e3015] succeeded in 2.101784333004616s: None
[2026-06-15 09:24:30,497: INFO/ForkPoolWorker-4] Task search_and_download[44802525-1d4d-4877-a8d5-27cf5407df36] succeeded in 2.11172725004144s: None
[2026-06-15 09:24:30,500: INFO/ForkPoolWorker-3] Task search_and_download[e55313ee-6a22-4965-8808-7c9504de933e] succeeded in 2.1188433750066906s: None
[2026-06-15 09:24:56,347: INFO/MainProcess] Task queue_new_episodes[ff9410f9-dc7e-4515-80a6-c1e4bfc59917] received
[2026-06-15 09:24:56,357: INFO/ForkPoolWorker-8] Task queue_new_episodes[ff9410f9-dc7e-4515-80a6-c1e4bfc59917] succeeded in 0.009328208048827946s: None
[2026-06-15 09:31:11,962: INFO/MainProcess] Task celery.backend_cleanup[3a524dc9-d429-4785-b33e-96e4998479d3] received
[2026-06-15 09:31:11,972: INFO/ForkPoolWorker-8] Task celery.backend_cleanup[3a524dc9-d429-4785-b33e-96e4998479d3] succeeded in 0.007502250024117529s: None
[2026-06-15 09:31:40,875: INFO/MainProcess] Task queue_new_episodes[0092e6a6-ef13-4bec-8a49-377d7ef4242f] received
[2026-06-15 09:31:40,885: INFO/MainProcess] Task search_and_download[a64d697f-1af3-4f79-98b2-fa97502f9f30] received
[2026-06-15 09:31:40,899: INFO/MainProcess] Task search_and_download[6cd4840f-d320-4e05-8a49-92cd75054db3] received
[2026-06-15 09:31:40,903: INFO/MainProcess] Task search_and_download[45013828-f72a-4464-bd47-65a0ab909d79] received
[2026-06-15 09:31:40,905: INFO/MainProcess] Task search_and_download[9ecb461c-cb39-4a54-bd76-6a11d6dc5351] received
[2026-06-15 09:31:40,907: INFO/MainProcess] Task search_and_download[188bf82e-058e-43d9-a2d1-dd2dc625b183] received
[2026-06-15 09:31:40,911: INFO/MainProcess] Task search_and_download[15aba609-547a-41b9-8b56-58b81497e116] received
[2026-06-15 09:31:40,916: INFO/MainProcess] Task search_and_download[73d9bdb6-2496-4a0d-acaf-ee20135df2a3] received
[2026-06-15 09:31:40,918: INFO/MainProcess] Task search_and_download[92bc79fc-4591-494a-a291-8a8106bd1c75] received
[2026-06-15 09:31:40,924: INFO/MainProcess] Task search_and_download[377f9076-cf99-4abe-b1be-923c3b7d19ea] received
[2026-06-15 09:31:40,929: INFO/MainProcess] Task search_and_download[f47d9015-4a11-4d56-a13f-a277b9a4f4b9] received
[2026-06-15 09:31:40,934: INFO/MainProcess] Task search_and_download[60ee6da3-a74f-4d6b-9f8e-a94c9d65e59d] received
[2026-06-15 09:31:40,938: INFO/MainProcess] Task search_and_download[56aae2dd-b894-4d92-aa87-862fead58e58] received
[2026-06-15 09:31:40,941: INFO/MainProcess] Task search_and_download[5f9ec0bf-8393-429c-bd2a-5cb3d0f6ff6e] received
[2026-06-15 09:31:40,943: INFO/MainProcess] Task search_and_download[23c67ef4-33f9-4122-807d-a34cc243db5c] received
[2026-06-15 09:31:40,945: INFO/MainProcess] Task search_and_download[d11e37ba-cbbb-45de-a0fd-35e02fcc40cf] received
[2026-06-15 09:31:40,949: INFO/MainProcess] Task search_and_download[21c7e87b-07b5-4d59-a4a5-bd3c04aa79bd] received
[2026-06-15 09:31:40,952: INFO/MainProcess] Task search_and_download[a642c55d-ea5f-4ff2-9608-4486a4f2ae7d] received
[2026-06-15 09:31:40,954: INFO/MainProcess] Task search_and_download[d59c364c-f80c-4c90-bee6-836560bbbff2] received
[2026-06-15 09:31:40,956: INFO/MainProcess] Task search_and_download[4e5ba922-c5b1-4e8e-b535-1f627a3131de] received
[2026-06-15 09:31:40,958: INFO/MainProcess] Task search_and_download[0a8fcfe7-87bb-4bdd-8b64-ae44cfe6879d] received
[2026-06-15 09:31:40,960: INFO/MainProcess] Task search_and_download[09f4efd7-02f3-47b0-b46c-4bd108f5712e] received
[2026-06-15 09:31:40,962: INFO/MainProcess] Task search_and_download[7658e2f2-934e-45d3-b13c-c2ac6dd6a720] received
[2026-06-15 09:31:40,964: INFO/MainProcess] Task search_and_download[49e05478-ee3e-4206-829a-d64f15bafad1] received
[2026-06-15 09:31:40,966: INFO/MainProcess] Task search_and_download[1bfb925c-867c-4ab0-8bae-bbdbc5a112d5] received
[2026-06-15 09:31:40,968: INFO/MainProcess] Task search_and_download[f60b8571-58d4-4846-9efb-f5f4d5083ed8] received
[2026-06-15 09:31:40,970: INFO/MainProcess] Task search_and_download[6965503d-a531-4433-95c9-be93b06bb8d9] received
[2026-06-15 09:31:40,973: INFO/MainProcess] Task search_and_download[c58f60ce-df22-41d3-a3e3-c28296641fcc] received
[2026-06-15 09:31:40,974: INFO/MainProcess] Task search_and_download[a9e5eda6-175e-49c3-8576-42a8cfe229a8] received
[2026-06-15 09:31:40,978: INFO/MainProcess] Task search_and_download[8e969af8-09d8-4315-9f2e-b2874ce96540] received
[2026-06-15 09:31:40,980: INFO/MainProcess] Task search_and_download[b29d87ac-5bf1-440c-98d8-eaa8fd46f25d] received
[2026-06-15 09:31:40,982: INFO/MainProcess] Task search_and_download[637e2dc8-0df7-4c60-b594-c47d4008e7ef] received
[2026-06-15 09:31:40,984: INFO/MainProcess] Task search_and_download[374859b6-34af-4ecc-a962-dcded24fef4b] received
[2026-06-15 09:31:40,986: INFO/MainProcess] Task search_and_download[05164669-511f-415e-b38e-2b30f27951ca] received
[2026-06-15 09:31:40,988: INFO/MainProcess] Task search_and_download[753fc59c-cd49-4056-ae5e-328e8dd7b5ae] received
[2026-06-15 09:31:40,995: INFO/MainProcess] Task search_and_download[94348d4e-8b71-4d35-ad0f-ec31a06dc13d] received
[2026-06-15 09:31:40,999: INFO/MainProcess] Task search_and_download[a2d2f905-0bbe-47f5-bbab-160564e81164] received
[2026-06-15 09:31:41,025: INFO/MainProcess] Task search_and_download[91942129-0134-4129-91cb-40ad6dac968e] received
[2026-06-15 09:31:41,027: INFO/MainProcess] Task search_and_download[480dcb33-f2a2-489f-b7b8-c8cc0e8ad831] received
[2026-06-15 09:31:41,029: INFO/MainProcess] Task search_and_download[39a0c8db-ef39-4129-a006-e004b1d5457d] received
[2026-06-15 09:31:41,032: INFO/ForkPoolWorker-8] Task queue_new_episodes[0092e6a6-ef13-4bec-8a49-377d7ef4242f] succeeded in 0.15655674994923174s: None
[2026-06-15 09:31:43,747: INFO/ForkPoolWorker-1] Task search_and_download[a64d697f-1af3-4f79-98b2-fa97502f9f30] succeeded in 2.8608470000326633s: None
[2026-06-15 09:31:43,754: INFO/ForkPoolWorker-6] Task search_and_download[92bc79fc-4591-494a-a291-8a8106bd1c75] succeeded in 2.8285261660348624s: None
[2026-06-15 09:31:43,757: INFO/ForkPoolWorker-2] Task search_and_download[45013828-f72a-4464-bd47-65a0ab909d79] succeeded in 2.85319045803044s: None
[2026-06-15 09:31:43,767: INFO/ForkPoolWorker-9] Task search_and_download[6cd4840f-d320-4e05-8a49-92cd75054db3] succeeded in 2.8664104170165956s: None
[2026-06-15 09:31:44,556: INFO/ForkPoolWorker-3] Task search_and_download[188bf82e-058e-43d9-a2d1-dd2dc625b183] succeeded in 3.6469274999108166s: None
[2026-06-15 09:31:44,578: INFO/ForkPoolWorker-5] Task search_and_download[73d9bdb6-2496-4a0d-acaf-ee20135df2a3] succeeded in 3.6542114589829s: None
[2026-06-15 09:31:44,579: INFO/ForkPoolWorker-4] Task search_and_download[15aba609-547a-41b9-8b56-58b81497e116] succeeded in 3.6631584590068087s: None
[2026-06-15 09:31:44,594: INFO/ForkPoolWorker-7] Task search_and_download[377f9076-cf99-4abe-b1be-923c3b7d19ea] succeeded in 3.664650166989304s: None
[2026-06-15 09:31:44,615: INFO/ForkPoolWorker-10] Task search_and_download[9ecb461c-cb39-4a54-bd76-6a11d6dc5351] succeeded in 3.70799274998717s: None
[2026-06-15 09:31:44,619: INFO/ForkPoolWorker-8] Task search_and_download[f47d9015-4a11-4d56-a13f-a277b9a4f4b9] succeeded in 3.586624625022523s: None
[2026-06-15 09:31:46,151: INFO/ForkPoolWorker-2] Task search_and_download[5f9ec0bf-8393-429c-bd2a-5cb3d0f6ff6e] succeeded in 2.393435582984239s: None
[2026-06-15 09:31:46,158: INFO/ForkPoolWorker-6] Task search_and_download[56aae2dd-b894-4d92-aa87-862fead58e58] succeeded in 2.402989708003588s: None
[2026-06-15 09:31:46,186: INFO/ForkPoolWorker-1] Task search_and_download[60ee6da3-a74f-4d6b-9f8e-a94c9d65e59d] succeeded in 2.4372611669823527s: None
[2026-06-15 09:31:46,189: INFO/ForkPoolWorker-9] Task search_and_download[23c67ef4-33f9-4122-807d-a34cc243db5c] succeeded in 2.4213110000127926s: None
[2026-06-15 09:31:47,187: INFO/ForkPoolWorker-5] Task search_and_download[21c7e87b-07b5-4d59-a4a5-bd3c04aa79bd] succeeded in 2.6083410000428557s: None
[2026-06-15 09:31:47,287: INFO/ForkPoolWorker-4] Task search_and_download[a642c55d-ea5f-4ff2-9608-4486a4f2ae7d] succeeded in 2.7073641669703647s: None
[2026-06-15 09:31:47,306: INFO/ForkPoolWorker-7] Task search_and_download[d59c364c-f80c-4c90-bee6-836560bbbff2] succeeded in 2.7115294999675825s: None
[2026-06-15 09:31:47,314: INFO/ForkPoolWorker-8] Task search_and_download[0a8fcfe7-87bb-4bdd-8b64-ae44cfe6879d] succeeded in 2.693901582970284s: None
[2026-06-15 09:31:47,317: INFO/ForkPoolWorker-3] Task search_and_download[d11e37ba-cbbb-45de-a0fd-35e02fcc40cf] succeeded in 2.7604669579304755s: None
[2026-06-15 09:31:47,362: INFO/ForkPoolWorker-10] Task search_and_download[4e5ba922-c5b1-4e8e-b535-1f627a3131de] succeeded in 2.746750041958876s: None
[2026-06-15 09:31:49,104: INFO/ForkPoolWorker-2] Task search_and_download[09f4efd7-02f3-47b0-b46c-4bd108f5712e] succeeded in 2.9511489999713376s: None
[2026-06-15 09:31:49,189: INFO/ForkPoolWorker-6] Task search_and_download[7658e2f2-934e-45d3-b13c-c2ac6dd6a720] succeeded in 3.0299065000144765s: None
[2026-06-15 09:31:49,192: INFO/ForkPoolWorker-1] Task search_and_download[49e05478-ee3e-4206-829a-d64f15bafad1] succeeded in 3.005156165920198s: None
[2026-06-15 09:31:49,210: INFO/ForkPoolWorker-9] Task search_and_download[1bfb925c-867c-4ab0-8bae-bbdbc5a112d5] succeeded in 3.020141499931924s: None
[2026-06-15 09:31:50,643: INFO/ForkPoolWorker-4] Task search_and_download[6965503d-a531-4433-95c9-be93b06bb8d9] succeeded in 3.3554566249949858s: None
[2026-06-15 09:31:50,648: INFO/ForkPoolWorker-7] Task search_and_download[c58f60ce-df22-41d3-a3e3-c28296641fcc] succeeded in 3.34016799996607s: None
[2026-06-15 09:31:50,658: INFO/ForkPoolWorker-3] Task search_and_download[8e969af8-09d8-4315-9f2e-b2874ce96540] succeeded in 3.331816834048368s: None
[2026-06-15 09:31:50,661: INFO/ForkPoolWorker-8] Task search_and_download[a9e5eda6-175e-49c3-8576-42a8cfe229a8] succeeded in 3.3461819590302184s: None
[2026-06-15 09:31:50,666: INFO/ForkPoolWorker-5] Task search_and_download[f60b8571-58d4-4846-9efb-f5f4d5083ed8] succeeded in 3.478595874970779s: None
[2026-06-15 09:31:50,677: INFO/ForkPoolWorker-10] Task search_and_download[b29d87ac-5bf1-440c-98d8-eaa8fd46f25d] succeeded in 3.3140807920135558s: None
[2026-06-15 09:31:51,712: INFO/ForkPoolWorker-6] Task search_and_download[374859b6-34af-4ecc-a962-dcded24fef4b] succeeded in 2.522584666032344s: None
[2026-06-15 09:31:51,715: INFO/ForkPoolWorker-2] Task search_and_download[637e2dc8-0df7-4c60-b594-c47d4008e7ef] succeeded in 2.6104988750303164s: None
[2026-06-15 09:31:51,725: INFO/ForkPoolWorker-1] Task search_and_download[05164669-511f-415e-b38e-2b30f27951ca] succeeded in 2.532673832960427s: None
[2026-06-15 09:31:51,727: INFO/ForkPoolWorker-9] Task search_and_download[753fc59c-cd49-4056-ae5e-328e8dd7b5ae] succeeded in 2.516900665941648s: None
[2026-06-15 09:31:53,646: INFO/ForkPoolWorker-4] Task search_and_download[94348d4e-8b71-4d35-ad0f-ec31a06dc13d] succeeded in 3.001447124988772s: None
[2026-06-15 09:31:53,665: INFO/ForkPoolWorker-8] Task search_and_download[480dcb33-f2a2-489f-b7b8-c8cc0e8ad831] succeeded in 3.0039110420038924s: None
[2026-06-15 09:31:53,667: INFO/ForkPoolWorker-7] Task search_and_download[a2d2f905-0bbe-47f5-bbab-160564e81164] succeeded in 3.018486750079319s: None
[2026-06-15 09:31:53,671: INFO/ForkPoolWorker-3] Task search_and_download[91942129-0134-4129-91cb-40ad6dac968e] succeeded in 3.0125472089275718s: None
[2026-06-15 09:31:53,672: INFO/ForkPoolWorker-5] Task search_and_download[39a0c8db-ef39-4129-a006-e004b1d5457d] succeeded in 3.0051363330567256s: None
[2026-06-15 09:35:40,572: INFO/MainProcess] Task queue_new_episodes[0d349cd7-8476-4884-928e-543a82d51974] received
[2026-06-15 09:35:40,590: INFO/ForkPoolWorker-8] Task queue_new_episodes[0d349cd7-8476-4884-928e-543a82d51974] succeeded in 0.015750124934129417s: None
[2026-06-15 09:37:23,019: INFO/MainProcess] Task queue_new_episodes[9e4eaa97-7033-450b-8924-4ad6a18ffdab] received
[2026-06-15 09:37:23,036: INFO/MainProcess] Task search_and_download[20670792-fda7-45bd-a392-fa21d3eddfc3] received
[2026-06-15 09:37:23,040: INFO/MainProcess] Task search_and_download[88dcc7cc-e62c-421b-b42c-70ccfa6a9178] received
[2026-06-15 09:37:23,044: INFO/MainProcess] Task search_and_download[952ba9b0-cfcc-427d-9948-30629e485643] received
[2026-06-15 09:37:23,051: INFO/ForkPoolWorker-8] Task queue_new_episodes[9e4eaa97-7033-450b-8924-4ad6a18ffdab] succeeded in 0.02773225004784763s: None
[2026-06-15 09:37:25,172: INFO/ForkPoolWorker-9] Task search_and_download[88dcc7cc-e62c-421b-b42c-70ccfa6a9178] succeeded in 2.130584332975559s: None
[2026-06-15 09:37:25,197: INFO/ForkPoolWorker-1] Task search_and_download[20670792-fda7-45bd-a392-fa21d3eddfc3] succeeded in 2.1586915829684585s: None
[2026-06-15 09:37:30,552: INFO/ForkPoolWorker-2] Task search_and_download[952ba9b0-cfcc-427d-9948-30629e485643] succeeded in 7.50598912499845s: None
[2026-06-15 09:45:05,785: INFO/MainProcess] Task queue_new_episodes[2c83c63c-091b-4a95-9d13-e319b9a762b8] received
[2026-06-15 09:45:05,828: INFO/ForkPoolWorker-8] Task queue_new_episodes[2c83c63c-091b-4a95-9d13-e319b9a762b8] succeeded in 0.03936616703867912s: None
[2026-06-15 09:47:06,117: INFO/MainProcess] Task queue_new_episodes[652c1645-337b-4653-ae79-bcccda4e765d] received
[2026-06-15 09:47:06,163: INFO/MainProcess] Task search_and_download[4e6be8eb-07d1-4556-b23e-005ab2bee674] received
[2026-06-15 09:47:06,167: INFO/MainProcess] Task search_and_download[9bf5161d-7421-474b-baa7-15f2075e91c1] received
[2026-06-15 09:47:06,181: INFO/MainProcess] Task search_and_download[8069f1f3-34b5-4777-9a6a-1007bf7ceae1] received
[2026-06-15 09:47:06,186: INFO/MainProcess] Task search_and_download[f79840d3-b4ae-4480-8af3-3246cc57faf4] received
[2026-06-15 09:47:06,188: INFO/MainProcess] Task search_and_download[a2e175d3-04a8-44ce-983f-dbca16765dd9] received
[2026-06-15 09:47:06,191: INFO/MainProcess] Task search_and_download[4e603a59-3c63-45bf-bd07-90d6bf8fa59b] received
[2026-06-15 09:47:06,198: INFO/MainProcess] Task search_and_download[eb2d1c05-8b23-4b05-a68d-fefa99083d83] received
[2026-06-15 09:47:06,204: INFO/MainProcess] Task search_and_download[8119365e-2ca7-4eeb-a5a3-b1ae6f4e51b2] received
[2026-06-15 09:47:06,205: INFO/MainProcess] Task search_and_download[adead370-8a40-420c-b71b-b284bdc2a72d] received
[2026-06-15 09:47:06,209: INFO/MainProcess] Task search_and_download[c1c067e4-9a62-48da-ad41-a94f76df648f] received
[2026-06-15 09:47:06,212: INFO/MainProcess] Task search_and_download[92695862-65db-4b95-a9ce-267ec8638d7e] received
[2026-06-15 09:47:06,216: INFO/MainProcess] Task search_and_download[a72eb129-8c6f-4cbd-8b9a-36cd68a49363] received
[2026-06-15 09:47:06,220: INFO/MainProcess] Task search_and_download[f7924985-385e-4b9f-b9b6-a2f14b9b3d45] received
[2026-06-15 09:47:06,223: INFO/MainProcess] Task search_and_download[61ccf279-a22a-4dc9-b03c-777e210612a5] received
[2026-06-15 09:47:06,226: INFO/MainProcess] Task search_and_download[d84f088a-bb43-47de-be68-a200e97ff129] received
[2026-06-15 09:47:06,228: INFO/MainProcess] Task search_and_download[cd0cd678-66e0-4a04-8561-d1ece883b6d3] received
[2026-06-15 09:47:06,229: INFO/MainProcess] Task search_and_download[61fac02d-874c-48cf-80c8-d6d00a446d78] received
[2026-06-15 09:47:06,235: INFO/MainProcess] Task search_and_download[fc3257be-74d0-4f14-89c8-ce22d90af44c] received
[2026-06-15 09:47:06,237: INFO/MainProcess] Task search_and_download[ee27241d-3dcf-4073-934a-adb3fbb7c49f] received
[2026-06-15 09:47:06,240: INFO/MainProcess] Task search_and_download[ec1700c7-588f-4cc6-b8d3-2743af92c498] received
[2026-06-15 09:47:06,242: INFO/MainProcess] Task search_and_download[0befc304-2215-418c-8109-06493c21baa5] received
[2026-06-15 09:47:06,244: INFO/MainProcess] Task search_and_download[69626a5f-0051-4cf3-a702-c862dc413b8e] received
[2026-06-15 09:47:06,247: INFO/MainProcess] Task search_and_download[d3b80ee5-b9be-4481-9671-484bd4bc9e70] received
[2026-06-15 09:47:06,250: INFO/MainProcess] Task search_and_download[22cf4563-3035-4094-b6ec-3d2ba75d7247] received
[2026-06-15 09:47:06,253: INFO/MainProcess] Task search_and_download[2dc0dfb3-b13c-473a-bd1e-ae1f467eb1fb] received
[2026-06-15 09:47:06,257: INFO/MainProcess] Task search_and_download[07fc78b6-9795-407f-aa5a-d01f4b91e170] received
[2026-06-15 09:47:06,259: INFO/MainProcess] Task search_and_download[f829db6a-944d-4bee-8495-6e2c81b26921] received
[2026-06-15 09:47:06,261: INFO/MainProcess] Task search_and_download[42249356-51e1-4818-9b29-65911043db4e] received
[2026-06-15 09:47:06,263: INFO/MainProcess] Task search_and_download[e118f370-826f-421e-a220-9cec86223e2a] received
[2026-06-15 09:47:06,266: INFO/MainProcess] Task search_and_download[e1b3037b-7ec5-40eb-8b4a-f797d7dd38eb] received
[2026-06-15 09:47:06,271: INFO/MainProcess] Task search_and_download[2a60e87b-6fe4-41b2-8d46-5454d3374684] received
[2026-06-15 09:47:06,274: INFO/MainProcess] Task search_and_download[52fa31da-98e8-49e3-9270-ac3d50869c36] received
[2026-06-15 09:47:06,275: INFO/MainProcess] Task search_and_download[2ac0c88d-72f1-4a75-a6c9-bddf97c99af3] received
[2026-06-15 09:47:06,278: INFO/MainProcess] Task search_and_download[63c5c1b3-a796-47bb-b95a-fa6d6abbbcb1] received
[2026-06-15 09:47:06,280: INFO/MainProcess] Task search_and_download[77f4ce74-02d3-462d-a07e-fb54e288df61] received
[2026-06-15 09:47:06,282: INFO/MainProcess] Task search_and_download[d7aeef12-a4d2-4d82-8d7c-dcd838f37a24] received
[2026-06-15 09:47:06,284: INFO/MainProcess] Task search_and_download[5ecccdfc-5e9d-4732-a603-cd9c9c4e5cf3] received
[2026-06-15 09:47:06,287: INFO/MainProcess] Task search_and_download[758d4447-4ed8-4ff8-9f6c-7e518567b3ba] received
[2026-06-15 09:47:06,290: INFO/MainProcess] Task search_and_download[f162f760-ecf3-4c3c-bfc3-e0193e2c2dd8] received
[2026-06-15 09:47:06,295: INFO/MainProcess] Task search_and_download[8a3a468b-eb71-4278-8fa1-3ac1b247ef3e] received
[2026-06-15 09:47:06,297: INFO/MainProcess] Task search_and_download[ac392fb8-95e4-4525-9aab-143686ab17c0] received
[2026-06-15 09:47:06,301: INFO/MainProcess] Task search_and_download[b1124e28-b14d-45ae-82bf-bd6b27d37aac] received
[2026-06-15 09:47:06,303: INFO/MainProcess] Task search_and_download[ba4b5c34-fda2-4368-ac00-19e5de25bfcb] received
[2026-06-15 09:47:06,309: INFO/MainProcess] Task search_and_download[76c2c36e-1770-4d7d-8875-bea9183b8357] received
[2026-06-15 09:47:06,313: INFO/MainProcess] Task search_and_download[dc077cdc-15b7-4122-ab96-c3c7eb630199] received
[2026-06-15 09:47:06,316: INFO/MainProcess] Task search_and_download[f8a73521-81e7-46ee-9012-26c559772276] received
[2026-06-15 09:47:06,319: INFO/MainProcess] Task search_and_download[9a2e4194-a946-444b-a8ad-4771dd09b17b] received
[2026-06-15 09:47:06,321: INFO/MainProcess] Task search_and_download[01136e4a-cb72-4920-a1f4-b0360aa836b5] received
[2026-06-15 09:47:06,324: INFO/MainProcess] Task search_and_download[e3ab2246-eee4-4afd-9ecc-7fbe4519ad43] received
[2026-06-15 09:47:08,562: INFO/ForkPoolWorker-1] Task search_and_download[4e6be8eb-07d1-4556-b23e-005ab2bee674] succeeded in 2.3971194999758154s: None
[2026-06-15 09:47:08,564: INFO/MainProcess] Task search_and_download[329ccb9e-c9f9-4b9b-8b03-19b4e5372ad6] received
[2026-06-15 09:47:09,108: INFO/ForkPoolWorker-9] Task search_and_download[9bf5161d-7421-474b-baa7-15f2075e91c1] succeeded in 2.939270625007339s: None
[2026-06-15 09:47:09,109: INFO/MainProcess] Task search_and_download[070e42a7-282c-4e37-ab02-0908811d5d09] received
[2026-06-15 09:47:13,860: INFO/ForkPoolWorker-8] Task queue_new_episodes[652c1645-337b-4653-ae79-bcccda4e765d] succeeded in 7.74002595897764s: None
[2026-06-15 09:47:13,864: INFO/MainProcess] Task search_and_download[79666f42-e56b-46d8-a76a-6719df902ec5] received
[2026-06-15 09:47:18,628: INFO/ForkPoolWorker-5] Task search_and_download[eb2d1c05-8b23-4b05-a68d-fefa99083d83] succeeded in 12.423515625065193s: None
[2026-06-15 09:47:18,631: INFO/MainProcess] Task search_and_download[d494a6b4-49d1-4dbe-af37-5fd3e28035ed] received
[2026-06-15 09:47:18,636: INFO/ForkPoolWorker-3] Task search_and_download[a2e175d3-04a8-44ce-983f-dbca16765dd9] succeeded in 12.445765334065072s: None
[2026-06-15 09:47:18,638: INFO/MainProcess] Task search_and_download[be5d5ff1-15dd-4eb3-bb71-e720d53f2a0a] received
[2026-06-15 09:47:18,643: INFO/ForkPoolWorker-2] Task search_and_download[8069f1f3-34b5-4777-9a6a-1007bf7ceae1] succeeded in 12.457774957991205s: None
[2026-06-15 09:47:18,645: INFO/MainProcess] Task search_and_download[f8f85384-2017-4ca2-a89b-47e1d9ea9037] received
[2026-06-15 09:47:18,657: INFO/ForkPoolWorker-4] Task search_and_download[4e603a59-3c63-45bf-bd07-90d6bf8fa59b] succeeded in 12.460119499941356s: None
[2026-06-15 09:47:18,659: INFO/MainProcess] Task search_and_download[6a790764-37d1-4da0-a12d-4af55fa877db] received
[2026-06-15 09:47:19,831: INFO/ForkPoolWorker-10] Task search_and_download[f79840d3-b4ae-4480-8af3-3246cc57faf4] succeeded in 13.643797249998897s: None
[2026-06-15 09:47:19,836: INFO/MainProcess] Task search_and_download[7cf8569d-c7cb-4fe0-a731-f47c89b21bb3] received
[2026-06-15 09:47:20,120: INFO/ForkPoolWorker-6] Task search_and_download[8119365e-2ca7-4eeb-a5a3-b1ae6f4e51b2] succeeded in 13.91074075002689s: None
[2026-06-15 09:47:20,123: INFO/MainProcess] Task search_and_download[6635a908-da49-4909-a691-8b99b4849705] received
[2026-06-15 09:47:21,236: INFO/ForkPoolWorker-9] Task search_and_download[92695862-65db-4b95-a9ce-267ec8638d7e] succeeded in 12.127361792023294s: None
[2026-06-15 09:47:21,240: INFO/MainProcess] Task search_and_download[91051ca3-5afd-4079-9e7e-14f85b26aabf] received
[2026-06-15 09:47:22,165: INFO/ForkPoolWorker-7] Task search_and_download[adead370-8a40-420c-b71b-b284bdc2a72d] succeeded in 15.954811541014351s: None
[2026-06-15 09:47:22,171: INFO/MainProcess] Task search_and_download[b36f7928-cfe5-4614-97cb-30c5887cea86] received
[2026-06-15 09:47:22,470: INFO/ForkPoolWorker-1] Task search_and_download[c1c067e4-9a62-48da-ad41-a94f76df648f] succeeded in 13.906288416939788s: None
[2026-06-15 09:47:22,473: INFO/MainProcess] Task search_and_download[8f8c6706-57c9-45cf-884a-1638dfab22fd] received
[2026-06-15 09:47:25,491: INFO/ForkPoolWorker-8] Task search_and_download[a72eb129-8c6f-4cbd-8b9a-36cd68a49363] succeeded in 11.627920625032857s: None
[2026-06-15 09:47:25,496: INFO/MainProcess] Task search_and_download[96e77bf2-7494-4562-83bf-95e0893a1ca1] received
[2026-06-15 09:47:30,847: INFO/ForkPoolWorker-3] Task search_and_download[61ccf279-a22a-4dc9-b03c-777e210612a5] succeeded in 12.209693375043571s: None
[2026-06-15 09:47:30,850: INFO/MainProcess] Task search_and_download[f021f5b7-03b5-4fb0-a5ee-5ba2ffa9a1a8] received
[2026-06-15 09:47:30,951: INFO/ForkPoolWorker-6] Task search_and_download[fc3257be-74d0-4f14-89c8-ce22d90af44c] succeeded in 10.829134416999295s: None
[2026-06-15 09:47:31,004: INFO/MainProcess] Task search_and_download[3d3bb2f4-5569-4113-b5dd-70214a8163c6] received
[2026-06-15 09:47:31,262: INFO/ForkPoolWorker-5] Task search_and_download[f7924985-385e-4b9f-b9b6-a2f14b9b3d45] succeeded in 12.63169504108373s: None
[2026-06-15 09:47:31,266: INFO/MainProcess] Task search_and_download[5d6900cc-5159-4fbb-b2ec-ea2e34192d3b] received
[2026-06-15 09:47:31,290: INFO/ForkPoolWorker-10] Task search_and_download[61fac02d-874c-48cf-80c8-d6d00a446d78] succeeded in 11.455581375048496s: None
[2026-06-15 09:47:31,301: INFO/MainProcess] Task search_and_download[d9802443-9679-4862-b263-e369fc2bf5dd] received
[2026-06-15 09:47:31,415: INFO/ForkPoolWorker-4] Task search_and_download[cd0cd678-66e0-4a04-8561-d1ece883b6d3] succeeded in 12.7566743750358s: None
[2026-06-15 09:47:31,464: INFO/MainProcess] Task search_and_download[57c5149d-a5ce-4745-9718-c6a73daaf520] received
[2026-06-15 09:47:31,797: INFO/ForkPoolWorker-2] Task search_and_download[d84f088a-bb43-47de-be68-a200e97ff129] succeeded in 13.152466707979329s: None
[2026-06-15 09:47:31,805: INFO/MainProcess] Task search_and_download[1d7902c8-b8a1-4a34-a802-24b3290aa0b5] received
[2026-06-15 09:47:34,489: INFO/ForkPoolWorker-7] Task search_and_download[ec1700c7-588f-4cc6-b8d3-2743af92c498] succeeded in 12.320704375044443s: None
[2026-06-15 09:47:34,491: INFO/ForkPoolWorker-9] Task search_and_download[ee27241d-3dcf-4073-934a-adb3fbb7c49f] succeeded in 13.252655832911842s: None
[2026-06-15 09:47:34,552: INFO/MainProcess] Task search_and_download[3ec1ebeb-91aa-4f8a-93a3-d9f670f4767f] received
[2026-06-15 09:47:34,562: INFO/MainProcess] Task search_and_download[305c5200-8d6a-4df0-8696-093977979f0a] received
[2026-06-15 09:47:36,404: INFO/ForkPoolWorker-1] Task search_and_download[0befc304-2215-418c-8109-06493c21baa5] succeeded in 13.932318249950185s: None
[2026-06-15 09:47:36,412: INFO/MainProcess] Task search_and_download[fb99775b-b9b3-418f-8f41-7da24b75c269] received
[2026-06-15 09:47:41,454: INFO/ForkPoolWorker-8] Task search_and_download[69626a5f-0051-4cf3-a702-c862dc413b8e] succeeded in 15.959697625017725s: None
[2026-06-15 09:47:41,456: INFO/MainProcess] Task search_and_download[069d6ea0-da56-46fc-a5b3-68c2c02e3140] received
[2026-06-15 09:47:44,167: INFO/ForkPoolWorker-6] Task search_and_download[22cf4563-3035-4094-b6ec-3d2ba75d7247] succeeded in 13.213181041995995s: None
[2026-06-15 09:47:44,170: INFO/MainProcess] Task search_and_download[f9a2faaa-cbf4-4307-a920-8fcd390d01c2] received
[2026-06-15 09:47:44,477: INFO/ForkPoolWorker-5] Task search_and_download[2dc0dfb3-b13c-473a-bd1e-ae1f467eb1fb] succeeded in 13.212760207941756s: None
[2026-06-15 09:47:44,479: INFO/MainProcess] Task search_and_download[c63f9113-694a-431f-9fb5-28b9501b8393] received
[2026-06-15 09:47:44,489: INFO/ForkPoolWorker-10] Task search_and_download[07fc78b6-9795-407f-aa5a-d01f4b91e170] succeeded in 13.19476654205937s: None
[2026-06-15 09:47:44,492: INFO/MainProcess] Task search_and_download[2351c39d-1ccc-4dea-8336-5ddb048fff96] received
[2026-06-15 09:47:44,652: INFO/ForkPoolWorker-4] Task search_and_download[f829db6a-944d-4bee-8495-6e2c81b26921] succeeded in 13.234888583072461s: None
[2026-06-15 09:47:44,774: INFO/MainProcess] Task search_and_download[ede93ede-6099-4712-b9bb-0a984aecb0bd] received
[2026-06-15 09:47:46,018: INFO/ForkPoolWorker-2] Task search_and_download[42249356-51e1-4818-9b29-65911043db4e] succeeded in 14.214485749951564s: None
[2026-06-15 09:47:46,020: INFO/MainProcess] Task search_and_download[681e0502-3853-4ef8-868d-57744680804b] received
[2026-06-15 09:47:46,021: INFO/ForkPoolWorker-3] Task search_and_download[d3b80ee5-b9be-4481-9671-484bd4bc9e70] succeeded in 15.17149904195685s: None
[2026-06-15 09:47:46,024: INFO/MainProcess] Task search_and_download[77129245-c37a-43f7-acbf-53bfce614924] received
[2026-06-15 09:47:47,541: INFO/ForkPoolWorker-1] Task search_and_download[2a60e87b-6fe4-41b2-8d46-5454d3374684] succeeded in 11.130465833004564s: None
[2026-06-15 09:47:47,544: INFO/MainProcess] Task search_and_download[e828d23e-2abd-43c6-a184-6cdc88906520] received
[2026-06-15 09:47:47,697: INFO/ForkPoolWorker-7] Task search_and_download[e118f370-826f-421e-a220-9cec86223e2a] succeeded in 13.205733416951261s: None
[2026-06-15 09:47:47,708: INFO/ForkPoolWorker-9] Task search_and_download[e1b3037b-7ec5-40eb-8b4a-f797d7dd38eb] succeeded in 13.211820292053744s: None
[2026-06-15 09:47:47,754: INFO/MainProcess] Task search_and_download[b75a8227-0849-4276-93b1-a53fecd22ce9] received
[2026-06-15 09:47:47,839: INFO/MainProcess] Task search_and_download[874bf309-97a4-4f4d-ab28-e6867215a5e1] received
[2026-06-15 09:47:55,623: INFO/ForkPoolWorker-8] Task search_and_download[52fa31da-98e8-49e3-9270-ac3d50869c36] succeeded in 14.167051041964442s: None
[2026-06-15 09:47:55,633: INFO/MainProcess] Task search_and_download[bfe9fbd4-d7f8-4d02-9f13-795f69670d31] received
[2026-06-15 09:47:56,875: INFO/ForkPoolWorker-4] Task search_and_download[d7aeef12-a4d2-4d82-8d7c-dcd838f37a24] succeeded in 12.220732082962058s: None
[2026-06-15 09:47:56,889: INFO/MainProcess] Task search_and_download[7c2f3d16-b82c-46d2-9d17-ecae02541bdd] received
[2026-06-15 09:47:57,237: INFO/ForkPoolWorker-3] Task search_and_download[758d4447-4ed8-4ff8-9f6c-7e518567b3ba] succeeded in 11.214010416995734s: None
[2026-06-15 09:47:57,238: INFO/ForkPoolWorker-2] Task search_and_download[5ecccdfc-5e9d-4732-a603-cd9c9c4e5cf3] succeeded in 11.218311790958978s: None
[2026-06-15 09:47:57,243: INFO/MainProcess] Task search_and_download[571fda05-85d7-40f1-8b76-8028e6a23e37] received
[2026-06-15 09:47:57,248: INFO/MainProcess] Task search_and_download[a12d71e6-852b-435b-b708-0f69ad39f514] received
[2026-06-15 09:47:57,362: INFO/ForkPoolWorker-6] Task search_and_download[2ac0c88d-72f1-4a75-a6c9-bddf97c99af3] succeeded in 13.19289720908273s: None
[2026-06-15 09:47:57,447: INFO/MainProcess] Task search_and_download[980d2d7f-7378-47d4-8c63-4759e734d161] received
[2026-06-15 09:47:57,647: INFO/ForkPoolWorker-5] Task search_and_download[63c5c1b3-a796-47bb-b95a-fa6d6abbbcb1] succeeded in 13.16894545906689s: None
[2026-06-15 09:47:57,649: INFO/MainProcess] Task search_and_download[a17e4109-6cc4-4233-8106-ccd6fc27c2ec] received
[2026-06-15 09:47:58,686: INFO/ForkPoolWorker-10] Task search_and_download[77f4ce74-02d3-462d-a07e-fb54e288df61] succeeded in 14.195187625009567s: None
[2026-06-15 09:47:58,689: INFO/MainProcess] Task search_and_download[ddc10c86-270e-4399-aefd-286ae2bc2ae7] received
[2026-06-15 09:48:00,726: INFO/ForkPoolWorker-1] Task search_and_download[f162f760-ecf3-4c3c-bfc3-e0193e2c2dd8] succeeded in 13.182832875056192s: None
[2026-06-15 09:48:00,728: INFO/MainProcess] Task search_and_download[770274e6-bbb9-4828-b015-3400edaa54bd] received
[2026-06-15 09:48:01,932: INFO/ForkPoolWorker-7] Task search_and_download[8a3a468b-eb71-4278-8fa1-3ac1b247ef3e] succeeded in 14.232033207896166s: None
[2026-06-15 09:48:01,937: INFO/MainProcess] Task search_and_download[326d0a1f-06c2-44e4-b446-446f5a6ce59a] received
[2026-06-15 09:48:01,986: INFO/ForkPoolWorker-9] Task search_and_download[ac392fb8-95e4-4525-9aab-143686ab17c0] succeeded in 14.276005332940258s: None
[2026-06-15 09:48:01,988: INFO/MainProcess] Task search_and_download[528e01a6-d253-4b1b-96df-302448ef37e8] received
[2026-06-15 09:48:06,799: INFO/ForkPoolWorker-8] Task search_and_download[b1124e28-b14d-45ae-82bf-bd6b27d37aac] succeeded in 11.171135790995322s: None
[2026-06-15 09:48:06,813: INFO/MainProcess] Task search_and_download[18bac86c-9eb8-4b72-9cf6-2ad0b7581619] received
[2026-06-15 09:48:09,858: INFO/ForkPoolWorker-10] Task search_and_download[01136e4a-cb72-4920-a1f4-b0360aa836b5] succeeded in 11.170047042076476s: None
[2026-06-15 09:48:09,861: INFO/MainProcess] Task search_and_download[a09eb6ca-bcfc-4ae9-8e0c-add8c220e552] received
[2026-06-15 09:48:10,107: INFO/ForkPoolWorker-4] Task search_and_download[ba4b5c34-fda2-4368-ac00-19e5de25bfcb] succeeded in 13.229090999928303s: None
[2026-06-15 09:48:10,109: INFO/MainProcess] Task search_and_download[c87e1214-fcbb-4e76-8aad-7c36ca2da52a] received
[2026-06-15 09:48:10,432: INFO/ForkPoolWorker-2] Task search_and_download[dc077cdc-15b7-4122-ab96-c3c7eb630199] succeeded in 13.190290624974295s: None
[2026-06-15 09:48:10,435: INFO/MainProcess] Task search_and_download[6417a6c1-53bf-4266-96d2-4523ca79d84e] received
[2026-06-15 09:48:10,458: INFO/ForkPoolWorker-3] Task search_and_download[76c2c36e-1770-4d7d-8875-bea9183b8357] succeeded in 13.219204417080618s: None
[2026-06-15 09:48:10,460: INFO/MainProcess] Task search_and_download[625c4f20-69dc-4d68-91f9-86967368815a] received
[2026-06-15 09:48:10,593: INFO/ForkPoolWorker-6] Task search_and_download[f8a73521-81e7-46ee-9012-26c559772276] succeeded in 13.228888208977878s: None
[2026-06-15 09:48:10,683: INFO/MainProcess] Task search_and_download[c83c23f8-05e6-4722-83ff-6828657f4ff9] received
[2026-06-15 09:48:10,822: INFO/ForkPoolWorker-5] Task search_and_download[9a2e4194-a946-444b-a8ad-4771dd09b17b] succeeded in 13.173229167005047s: None
[2026-06-15 09:48:10,825: INFO/MainProcess] Task search_and_download[b3dcb326-df2c-4391-9e3f-a654d6132527] received
